This is pdfTeX, Version 3.141592653-2.6-1.40.28 (TeX Live 2025) (preloaded format=pdflatex 2025.5.27)  20 MAY 2026 22:08
entering extended mode
 restricted \write18 enabled.
 %&-line parsing enabled.
**main.tex
(./main.tex
LaTeX2e <2024-11-01> patch level 2
L3 programming layer <2025-04-29>
(./IEEEtran.cls
Document Class: IEEEtran 2015/08/26 V1.8b by Michael Shell
-- See the "IEEEtran_HOWTO" manual for usage information.
-- http://www.michaelshell.org/tex/ieeetran/
\@IEEEtrantmpdimenA=\dimen146
\@IEEEtrantmpdimenB=\dimen147
\@IEEEtrantmpdimenC=\dimen148
\@IEEEtrantmpcountA=\count272
\@IEEEtrantmpcountB=\count273
\@IEEEtrantmpcountC=\count274
\@IEEEtrantmptoksA=\toks17
-- Using 210mm x 297mm (a4) paper.
-- Using PDF output.
\@IEEEnormalsizeunitybaselineskip=\dimen149
-- This is a 10 point document.
\CLASSINFOnormalsizebaselineskip=\dimen150
\CLASSINFOnormalsizeunitybaselineskip=\dimen151
\IEEEnormaljot=\dimen152
\IEEEquantizedlength=\dimen153
\IEEEquantizedlengthdiff=\dimen154
\IEEEquantizedtextheightdiff=\dimen155
\IEEEilabelindentA=\dimen156
\IEEEilabelindentB=\dimen157
\IEEEilabelindent=\dimen158
\IEEEelabelindent=\dimen159
\IEEEdlabelindent=\dimen160
\IEEElabelindent=\dimen161
\IEEEiednormlabelsep=\dimen162
\IEEEiedmathlabelsep=\dimen163
\IEEEiedtopsep=\skip49
\c@section=\count275
\c@subsection=\count276
\c@subsubsection=\count277
\c@paragraph=\count278
\c@IEEEsubequation=\count279
\abovecaptionskip=\skip50
\belowcaptionskip=\skip51
\c@figure=\count280
\c@table=\count281
\@IEEEeqnnumcols=\count282
\@IEEEeqncolcnt=\count283
\@IEEEsubeqnnumrollback=\count284
\@IEEEquantizeheightA=\dimen164
\@IEEEquantizeheightB=\dimen165
\@IEEEquantizeheightC=\dimen166
\@IEEEquantizeprevdepth=\dimen167
\@IEEEquantizemultiple=\count285
\@IEEEquantizeboxA=\box53
\@IEEEtmpitemindent=\dimen168
\IEEEPARstartletwidth=\dimen169
\c@IEEEbiography=\count286
\@IEEEtranrubishbin=\box54
) (c:/texlive/2025/texmf-dist/tex/latex/graphics/graphicx.sty
Package: graphicx 2021/09/16 v1.2d Enhanced LaTeX Graphics (DPC,SPQR)

(c:/texlive/2025/texmf-dist/tex/latex/graphics/keyval.sty
Package: keyval 2022/05/29 v1.15 key=value parser (DPC)
\KV@toks@=\toks18
)
(c:/texlive/2025/texmf-dist/tex/latex/graphics/graphics.sty
Package: graphics 2024/08/06 v1.4g Standard LaTeX Graphics (DPC,SPQR)

(c:/texlive/2025/texmf-dist/tex/latex/graphics/trig.sty
Package: trig 2023/12/02 v1.11 sin cos tan (DPC)
)
(c:/texlive/2025/texmf-dist/tex/latex/graphics-cfg/graphics.cfg
File: graphics.cfg 2016/06/04 v1.11 sample graphics configuration
)
Package graphics Info: Driver file: pdftex.def on input line 106.

(c:/texlive/2025/texmf-dist/tex/latex/graphics-def/pdftex.def
File: pdftex.def 2024/04/13 v1.2c Graphics/color driver for pdftex
))
\Gin@req@height=\dimen170
\Gin@req@width=\dimen171
)
(c:/texlive/2025/texmf-dist/tex/latex/amsmath/amsmath.sty
Package: amsmath 2024/11/05 v2.17t AMS math features
\@mathmargin=\skip52

For additional information on amsmath, use the `?' option.
(c:/texlive/2025/texmf-dist/tex/latex/amsmath/amstext.sty
Package: amstext 2021/08/26 v2.01 AMS text

(c:/texlive/2025/texmf-dist/tex/latex/amsmath/amsgen.sty
File: amsgen.sty 1999/11/30 v2.0 generic functions
\@emptytoks=\toks19
\ex@=\dimen172
))
(c:/texlive/2025/texmf-dist/tex/latex/amsmath/amsbsy.sty
Package: amsbsy 1999/11/29 v1.2d Bold Symbols
\pmbraise@=\dimen173
)
(c:/texlive/2025/texmf-dist/tex/latex/amsmath/amsopn.sty
Package: amsopn 2022/04/08 v2.04 operator names
)
\inf@bad=\count287
LaTeX Info: Redefining \frac on input line 233.
\uproot@=\count288
\leftroot@=\count289
LaTeX Info: Redefining \overline on input line 398.
LaTeX Info: Redefining \colon on input line 409.
\classnum@=\count290
\DOTSCASE@=\count291
LaTeX Info: Redefining \ldots on input line 495.
LaTeX Info: Redefining \dots on input line 498.
LaTeX Info: Redefining \cdots on input line 619.
\Mathstrutbox@=\box55
\strutbox@=\box56
LaTeX Info: Redefining \big on input line 721.
LaTeX Info: Redefining \Big on input line 722.
LaTeX Info: Redefining \bigg on input line 723.
LaTeX Info: Redefining \Bigg on input line 724.
\big@size=\dimen174
LaTeX Font Info:    Redeclaring font encoding OML on input line 742.
LaTeX Font Info:    Redeclaring font encoding OMS on input line 743.
\macc@depth=\count292
LaTeX Info: Redefining \bmod on input line 904.
LaTeX Info: Redefining \pmod on input line 909.
LaTeX Info: Redefining \smash on input line 939.
LaTeX Info: Redefining \relbar on input line 969.
LaTeX Info: Redefining \Relbar on input line 970.
\c@MaxMatrixCols=\count293
\dotsspace@=\muskip17
\c@parentequation=\count294
\dspbrk@lvl=\count295
\tag@help=\toks20
\row@=\count296
\column@=\count297
\maxfields@=\count298
\andhelp@=\toks21
\eqnshift@=\dimen175
\alignsep@=\dimen176
\tagshift@=\dimen177
\tagwidth@=\dimen178
\totwidth@=\dimen179
\lineht@=\dimen180
\@envbody=\toks22
\multlinegap=\skip53
\multlinetaggap=\skip54
\mathdisplay@stack=\toks23
LaTeX Info: Redefining \[ on input line 2953.
LaTeX Info: Redefining \] on input line 2954.
)
(c:/texlive/2025/texmf-dist/tex/latex/amsfonts/amssymb.sty
Package: amssymb 2013/01/14 v3.01 AMS font symbols

(c:/texlive/2025/texmf-dist/tex/latex/amsfonts/amsfonts.sty
Package: amsfonts 2013/01/14 v3.01 Basic AMSFonts support
\symAMSa=\mathgroup4
\symAMSb=\mathgroup5
LaTeX Font Info:    Redeclaring math symbol \hbar on input line 98.
LaTeX Font Info:    Overwriting math alphabet `\mathfrak' in version `bold'
(Font)                  U/euf/m/n --> U/euf/b/n on input line 106.
))
(c:/texlive/2025/texmf-dist/tex/latex/tools/array.sty
Package: array 2024/10/17 v2.6g Tabular extension package (FMi)
\col@sep=\dimen181
\ar@mcellbox=\box57
\extrarowheight=\dimen182
\NC@list=\toks24
\extratabsurround=\skip55
\backup@length=\skip56
\ar@cellbox=\box58
)
(c:/texlive/2025/texmf-dist/tex/latex/tools/tabularx.sty
Package: tabularx 2023/12/11 v2.12a `tabularx' package (DPC)
\TX@col@width=\dimen183
\TX@old@table=\dimen184
\TX@old@col=\dimen185
\TX@target=\dimen186
\TX@delta=\dimen187
\TX@cols=\count299
\TX@ftn=\toks25
)
(c:/texlive/2025/texmf-dist/tex/latex/tools/dcolumn.sty
Package: dcolumn 2023/07/08 v1.06 decimal alignment package (DPC)
)
(c:/texlive/2025/texmf-dist/tex/latex/hyperref/hyperref.sty
Package: hyperref 2025-05-20 v7.01m Hypertext links for LaTeX

(c:/texlive/2025/texmf-dist/tex/generic/iftex/iftex.sty
Package: iftex 2024/12/12 v1.0g TeX engine tests
)
(c:/texlive/2025/texmf-dist/tex/latex/kvsetkeys/kvsetkeys.sty
Package: kvsetkeys 2022-10-05 v1.19 Key value parser (HO)
)
(c:/texlive/2025/texmf-dist/tex/generic/kvdefinekeys/kvdefinekeys.sty
Package: kvdefinekeys 2019-12-19 v1.6 Define keys (HO)
)
(c:/texlive/2025/texmf-dist/tex/generic/pdfescape/pdfescape.sty
Package: pdfescape 2019/12/09 v1.15 Implements pdfTeX's escape features (HO)

(c:/texlive/2025/texmf-dist/tex/generic/ltxcmds/ltxcmds.sty
Package: ltxcmds 2023-12-04 v1.26 LaTeX kernel commands for general use (HO)
)
(c:/texlive/2025/texmf-dist/tex/generic/pdftexcmds/pdftexcmds.sty
Package: pdftexcmds 2020-06-27 v0.33 Utility functions of pdfTeX for LuaTeX (HO
)

(c:/texlive/2025/texmf-dist/tex/generic/infwarerr/infwarerr.sty
Package: infwarerr 2019/12/03 v1.5 Providing info/warning/error messages (HO)
)
Package pdftexcmds Info: \pdf@primitive is available.
Package pdftexcmds Info: \pdf@ifprimitive is available.
Package pdftexcmds Info: \pdfdraftmode found.
))
(c:/texlive/2025/texmf-dist/tex/latex/hycolor/hycolor.sty
Package: hycolor 2020-01-27 v1.10 Color options for hyperref/bookmark (HO)
)
(c:/texlive/2025/texmf-dist/tex/latex/hyperref/nameref.sty
Package: nameref 2023-11-26 v2.56 Cross-referencing by name of section

(c:/texlive/2025/texmf-dist/tex/latex/refcount/refcount.sty
Package: refcount 2019/12/15 v3.6 Data extraction from label references (HO)
)
(c:/texlive/2025/texmf-dist/tex/generic/gettitlestring/gettitlestring.sty
Package: gettitlestring 2019/12/15 v1.6 Cleanup title references (HO)

(c:/texlive/2025/texmf-dist/tex/latex/kvoptions/kvoptions.sty
Package: kvoptions 2022-06-15 v3.15 Key value format for package options (HO)
))
\c@section@level=\count300
)
(c:/texlive/2025/texmf-dist/tex/latex/etoolbox/etoolbox.sty
Package: etoolbox 2025/02/11 v2.5l e-TeX tools for LaTeX (JAW)
\etb@tempcnta=\count301
)
(c:/texlive/2025/texmf-dist/tex/generic/stringenc/stringenc.sty
Package: stringenc 2019/11/29 v1.12 Convert strings between diff. encodings (HO
)
)
\@linkdim=\dimen188
\Hy@linkcounter=\count302
\Hy@pagecounter=\count303

(c:/texlive/2025/texmf-dist/tex/latex/hyperref/pd1enc.def
File: pd1enc.def 2025-05-20 v7.01m Hyperref: PDFDocEncoding definition (HO)
Now handling font encoding PD1 ...
... no UTF-8 mapping file for font encoding PD1
)
(c:/texlive/2025/texmf-dist/tex/generic/intcalc/intcalc.sty
Package: intcalc 2019/12/15 v1.3 Expandable calculations with integers (HO)
)
\Hy@SavedSpaceFactor=\count304

(c:/texlive/2025/texmf-dist/tex/latex/hyperref/puenc.def
File: puenc.def 2025-05-20 v7.01m Hyperref: PDF Unicode definition (HO)
Now handling font encoding PU ...
... no UTF-8 mapping file for font encoding PU
)
Package hyperref Info: Hyper figures OFF on input line 4157.
Package hyperref Info: Link nesting OFF on input line 4162.
Package hyperref Info: Hyper index ON on input line 4165.
Package hyperref Info: Plain pages OFF on input line 4172.
Package hyperref Info: Backreferencing OFF on input line 4177.
Package hyperref Info: Implicit mode ON; LaTeX internals redefined.
Package hyperref Info: Bookmarks ON on input line 4424.
\c@Hy@tempcnt=\count305

(c:/texlive/2025/texmf-dist/tex/latex/url/url.sty
\Urlmuskip=\muskip18
Package: url 2013/09/16  ver 3.4  Verb mode for urls, etc.
)
LaTeX Info: Redefining \url on input line 4763.
\XeTeXLinkMargin=\dimen189

(c:/texlive/2025/texmf-dist/tex/generic/bitset/bitset.sty
Package: bitset 2019/12/09 v1.3 Handle bit-vector datatype (HO)

(c:/texlive/2025/texmf-dist/tex/generic/bigintcalc/bigintcalc.sty
Package: bigintcalc 2019/12/15 v1.5 Expandable calculations on big integers (HO
)
))
\Fld@menulength=\count306
\Field@Width=\dimen190
\Fld@charsize=\dimen191
Package hyperref Info: Hyper figures OFF on input line 6042.
Package hyperref Info: Link nesting OFF on input line 6047.
Package hyperref Info: Hyper index ON on input line 6050.
Package hyperref Info: backreferencing OFF on input line 6057.
Package hyperref Info: Link coloring OFF on input line 6062.
Package hyperref Info: Link coloring with OCG OFF on input line 6067.
Package hyperref Info: PDF/A mode OFF on input line 6072.

(c:/texlive/2025/texmf-dist/tex/latex/base/atbegshi-ltx.sty
Package: atbegshi-ltx 2021/01/10 v1.0c Emulation of the original atbegshi
package with kernel methods
)
\Hy@abspage=\count307
\c@Item=\count308
\c@Hfootnote=\count309
)
Package hyperref Info: Driver (autodetected): hpdftex.

(c:/texlive/2025/texmf-dist/tex/latex/hyperref/hpdftex.def
File: hpdftex.def 2025-05-20 v7.01m Hyperref driver for pdfTeX
\Fld@listcount=\count310
\c@bookmark@seq@number=\count311

(c:/texlive/2025/texmf-dist/tex/latex/rerunfilecheck/rerunfilecheck.sty
Package: rerunfilecheck 2022-07-10 v1.10 Rerun checks for auxiliary files (HO)

(c:/texlive/2025/texmf-dist/tex/latex/base/atveryend-ltx.sty
Package: atveryend-ltx 2020/08/19 v1.0a Emulation of the original atveryend pac
kage
with kernel methods
)
(c:/texlive/2025/texmf-dist/tex/generic/uniquecounter/uniquecounter.sty
Package: uniquecounter 2019/12/15 v1.4 Provide unlimited unique counter (HO)
)
Package uniquecounter Info: New unique counter `rerunfilecheck' on input line 2
85.
)
\Hy@SectionHShift=\skip57
)
(c:/texlive/2025/texmf-dist/tex/latex/l3backend/l3backend-pdftex.def
File: l3backend-pdftex.def 2025-04-14 L3 backend support: PDF output (pdfTeX)
\l__color_backend_stack_int=\count312
)
(build/main.aux)
\openout1 = `main.aux'.

LaTeX Font Info:    Checking defaults for OML/cmm/m/it on input line 40.
LaTeX Font Info:    ... okay on input line 40.
LaTeX Font Info:    Checking defaults for OMS/cmsy/m/n on input line 40.
LaTeX Font Info:    ... okay on input line 40.
LaTeX Font Info:    Checking defaults for OT1/cmr/m/n on input line 40.
LaTeX Font Info:    ... okay on input line 40.
LaTeX Font Info:    Checking defaults for T1/cmr/m/n on input line 40.
LaTeX Font Info:    ... okay on input line 40.
LaTeX Font Info:    Checking defaults for TS1/cmr/m/n on input line 40.
LaTeX Font Info:    ... okay on input line 40.
LaTeX Font Info:    Checking defaults for OMX/cmex/m/n on input line 40.
LaTeX Font Info:    ... okay on input line 40.
LaTeX Font Info:    Checking defaults for U/cmr/m/n on input line 40.
LaTeX Font Info:    ... okay on input line 40.
LaTeX Font Info:    Checking defaults for PD1/pdf/m/n on input line 40.
LaTeX Font Info:    ... okay on input line 40.
LaTeX Font Info:    Checking defaults for PU/pdf/m/n on input line 40.
LaTeX Font Info:    ... okay on input line 40.

-- Lines per column: 58 (exact).
(c:/texlive/2025/texmf-dist/tex/context/base/mkii/supp-pdf.mkii
[Loading MPS to PDF converter (version 2006.09.02).]
\scratchcounter=\count313
\scratchdimen=\dimen192
\scratchbox=\box59
\nofMPsegments=\count314
\nofMParguments=\count315
\everyMPshowfont=\toks26
\MPscratchCnt=\count316
\MPscratchDim=\dimen193
\MPnumerator=\count317
\makeMPintoPDFobject=\count318
\everyMPtoPDFconversion=\toks27
) (c:/texlive/2025/texmf-dist/tex/latex/epstopdf-pkg/epstopdf-base.sty
Package: epstopdf-base 2020-01-24 v2.11 Base part for package epstopdf
Package epstopdf-base Info: Redefining graphics rule for `.eps' on input line 4
85.

(c:/texlive/2025/texmf-dist/tex/latex/latexconfig/epstopdf-sys.cfg
File: epstopdf-sys.cfg 2010/07/13 v1.3 Configuration of (r)epstopdf for TeX Liv
e
))
Package hyperref Info: Link coloring OFF on input line 40.

(build/main.out) (build/main.out)
\@outlinefile=\write3
\openout3 = `main.out'.

LaTeX Font Info:    Calculating math sizes for size <24> on input line 51.
LaTeX Font Info:    Trying to load font information for U+msa on input line 51.


(c:/texlive/2025/texmf-dist/tex/latex/amsfonts/umsa.fd
File: umsa.fd 2013/01/14 v3.01 AMS symbols A
)
LaTeX Font Info:    Trying to load font information for U+msb on input line 51.


(c:/texlive/2025/texmf-dist/tex/latex/amsfonts/umsb.fd
File: umsb.fd 2013/01/14 v3.01 AMS symbols B
)
(./sections/00_abstract.tex)
Underfull \hbox (badness 2285) in paragraph at lines 52--54
\OT1/cmr/bx/n/9 has ma-tured along two nar-row tracks --- bi-nary
 []

(./sections/01_introduction.tex
Underfull \vbox (badness 1895) has occurred while \output is active []





[1{c:/texlive/2025/texmf-var/fonts/map/pdftex/updmap/pdftex.map}


]
Underfull \hbox (badness 1783) in paragraph at lines 49--54
[]\OT1/cmr/m/n/10 We de-sign \OT1/cmr/bx/n/10 Cus-tom Ef-fi-cient-Net V2\OT1/cm
r/m/n/10 , a five-
 []


Underfull \hbox (badness 2096) in paragraph at lines 49--54
\OT1/cmr/m/n/10 stage parameter-efficient back-bone de-rived from
 []

LaTeX Font Info:    Trying to load font information for OMS+cmr on input line 5
5.
(c:/texlive/2025/texmf-dist/tex/latex/base/omscmr.fd
File: omscmr.fd 2024/11/19 v2.5n Standard LaTeX font definitions
)
LaTeX Font Info:    Font shape `OMS/cmr/m/n' in size <10> not available
(Font)              Font shape `OMS/cmsy/m/n' tried instead on input line 55.

Underfull \hbox (badness 10000) in paragraph at lines 61--67
[]\OT1/cmr/m/n/10 Guided by the prin-ci-ple, we in-tro-duce
 []


Underfull \hbox (badness 10000) in paragraph at lines 61--67
\OT1/cmr/bx/n/10 AttentionHub-v2\OT1/cmr/m/n/10 , a se-quen-tial Triplet$\OMS/c
msy/m/n/10 !$\OT1/cmr/m/n/10 SE
 []


Underfull \hbox (badness 10000) in paragraph at lines 61--67
\OT1/cmr/m/n/10 AttentionHub-v2 at-tains the high-est sub-type
 []

) (./sections/02_related_work.tex



[2]



[3]) (./sections/03_preliminaries.tex

) (./sections/04_methods.tex

[4]
<figures/fig02_dataset_sample_grid.pdf, id=278, 706.83665pt x 1329.16815pt>
File: figures/fig02_dataset_sample_grid.pdf Graphic file (type pdf)
<use figures/fig02_dataset_sample_grid.pdf>
Package pdftex.def Info: figures/fig02_dataset_sample_grid.pdf  used on input l
ine 57.
(pdftex.def)             Requested size: 340.51807pt x 640.32584pt.
<figures/fig02b_class_distribution.pdf, id=279, 967.73232pt x 350.27827pt>
File: figures/fig02b_class_distribution.pdf Graphic file (type pdf)
<use figures/fig02b_class_distribution.pdf>
Package pdftex.def Info: figures/fig02b_class_distribution.pdf  used on input l
ine 71.
(pdftex.def)             Requested size: 252.0pt x 91.20915pt.

Underfull \hbox (badness 3536) in paragraph at lines 82--94
[]\OT1/cmr/m/n/10 All ten ar-chi-tec-tures eval-u-ated in this study ---
 []


Underfull \hbox (badness 7362) in paragraph at lines 82--94
\OT1/cmr/m/n/10 nine base-line back-bones and the pro-posed model
 []


Underfull \hbox (badness 10000) in paragraph at lines 82--94
\OT1/cmr/m/n/10 --- share a com-mon dual-head wrap-per, de-noted
 []


Underfull \hbox (badness 3108) in paragraph at lines 82--94
\OT1/cmr/m/n/10 fea-tures be-fore ei-ther head, pro-vid-ing the prin-ci-pal
 []




Underfull \hbox (badness 2809) in paragraph at lines 122--127
[]\OT1/cmr/bx/n/10 Tail trim-ming. \OT1/cmr/m/n/10 The donor's Block-6 and its
 []

<figures/fig01_custom_efficientnet_v2_arch.pdf, id=289, 1368.96785pt x 626.5808
9pt>
File: figures/fig01_custom_efficientnet_v2_arch.pdf Graphic file (type pdf)
<use figures/fig01_custom_efficientnet_v2_arch.pdf>
Package pdftex.def Info: figures/fig01_custom_efficientnet_v2_arch.pdf  used on
 input line 145.
(pdftex.def)             Requested size: 516.0pt x 236.1719pt.


[5] [6 <./figures/fig02_dataset_sample_grid.pdf>]
Underfull \hbox (badness 1701) in paragraph at lines 204--220
 \OT1/cmr/m/it/10 b) AttentionHub-v2 (se-quen-tial Triplet$\OMS/cmsy/m/n/10 !$\
OT1/cmr/m/it/10 SE): [][] \OT1/cmr/m/n/10 The
 []



<figures/fig01d_attention_modules_internals.pdf, id=396, 966.61125pt x 912.9146
7pt>
File: figures/fig01d_attention_modules_internals.pdf Graphic file (type pdf)
<use figures/fig01d_attention_modules_internals.pdf>
Package pdftex.def Info: figures/fig01d_attention_modules_internals.pdf  used o
n input line 223.
(pdftex.def)             Requested size: 516.0pt x 487.35281pt.
<figures/fig01b_attentionhub_v2_detail.pdf, id=397, 1022.62048pt x 682.22879pt>

File: figures/fig01b_attentionhub_v2_detail.pdf Graphic file (type pdf)
<use figures/fig01b_attentionhub_v2_detail.pdf>
Package pdftex.def Info: figures/fig01b_attentionhub_v2_detail.pdf  used on inp
ut line 237.
(pdftex.def)             Requested size: 252.0pt x 168.11043pt.
<figures/fig01c_attentionhub_v1_vs_v2.pdf, id=400, 1134.63902pt x 682.22879pt>
File: figures/fig01c_attentionhub_v1_vs_v2.pdf Graphic file (type pdf)
<use figures/fig01c_attentionhub_v1_vs_v2.pdf>
Package pdftex.def Info: figures/fig01c_attentionhub_v1_vs_v2.pdf  used on inpu
t line 251.
(pdftex.def)             Requested size: 516.0pt x 310.25842pt.

Overfull \hbox (0.55824pt too wide) detected at line 275
[]
 []


Underfull \hbox (badness 2913) in paragraph at lines 277--285
[]\OT1/cmr/m/n/10 with equal task weights $\OML/cmm/m/it/10 w[] \OT1/cmr/m/n/10
 = \OML/cmm/m/it/10 w[] \OT1/cmr/m/n/10 = 1$. The
 []

LaTeX Font Info:    Font shape `OT1/cmtt/bx/n' in size <8> not available
(Font)              Font shape `OT1/cmtt/m/n' tried instead on input line 315.


[7 <./figures/fig02b_class_distribution.pdf>]
Underfull \hbox (badness 10000) in paragraph at lines 375--388
[]\OT1/cmr/bx/n/10 Computational met-rics: \OT1/cmr/m/n/10 pa-ram-e-ter count,
 []


Underfull \hbox (badness 1502) in paragraph at lines 375--388
\OT1/cmtt/m/n/10 codecarbon \OT1/cmr/m/n/10 where avail-able, to-tal train-ing 
time,
 []


Underfull \vbox (badness 5711) has occurred while \output is active []




Underfull \hbox (badness 10000) in paragraph at lines 388--393
[]\OT1/cmr/bx/n/10 Explainability ar-ti-facts: \OT1/cmr/m/n/10 for each model, 
a
 []


Underfull \hbox (badness 6842) in paragraph at lines 388--393
\OT1/cmr/m/n/10 Gradient-weighted Class Ac-ti-va-tion Map-ping++
 []


Underfull \hbox (badness 5345) in paragraph at lines 388--393
\OT1/cmr/m/n/10 Model-Agnostic Ex-pla-na-tions (LIME) boundary-
 []



[8 <./figures/fig01_custom_efficientnet_v2_arch.pdf>]
Underfull \hbox (badness 10000) in paragraph at lines 436--436
[]|\OT1/cmr/m/n/8 cross-dim-spatial
 []


Underfull \hbox (badness 10000) in paragraph at lines 436--436
[]|\OT1/cmr/m/n/8 cross-dim-
 []


Underfull \hbox (badness 10000) in paragraph at lines 436--436
[]|\OT1/cmr/m/n/8 original pro-posed
 []

) (./sections/05_experimental_setup.tex
Underfull \vbox (badness 10000) has occurred while \output is active []





[9 <./figures/fig01d_attention_modules_internals.pdf>]


Underfull \hbox (badness 2293) in paragraph at lines 22--33
[]\OT1/cmr/m/n/10 The soft-ware stack is held fixed across all runs:
 []


Underfull \hbox (badness 10000) in paragraph at lines 51--59
\OT1/cmr/m/n/10 a \OT1/cmtt/m/n/10 performance_metrics.json\OT1/cmr/m/n/10 , a
 []


Underfull \hbox (badness 10000) in paragraph at lines 51--59
\OT1/cmtt/m/n/10 training_time.json\OT1/cmr/m/n/10 , and a per-class tex-tual
 []


Underfull \hbox (badness 4217) in paragraph at lines 51--59
\OT1/cmr/m/n/10 re-ported in Sec-tion []VI[] can be in-de-pen-dently
 []



[10 <./figures/fig01b_attentionhub_v2_detail.pdf>])
(./sections/06_baseline_results.tex



[11 <./figures/fig01c_attentionhub_v1_vs_v2.pdf>]
<figures/fig03_pareto_params.pdf, id=581, 684.11156pt x 454.03566pt>
File: figures/fig03_pareto_params.pdf Graphic file (type pdf)
<use figures/fig03_pareto_params.pdf>
Package pdftex.def Info: figures/fig03_pareto_params.pdf  used on input line 99
.
(pdftex.def)             Requested size: 252.0pt x 167.24232pt.
<figures/fig03d_proposed_vs_baselines_radar.pdf, id=582, 539.51134pt x 557.1509
1pt>
File: figures/fig03d_proposed_vs_baselines_radar.pdf Graphic file (type pdf)
<use figures/fig03d_proposed_vs_baselines_radar.pdf>
Package pdftex.def Info: figures/fig03d_proposed_vs_baselines_radar.pdf  used o
n input line 110.
(pdftex.def)             Requested size: 252.0pt x 260.23718pt.



Underfull \vbox (badness 10000) has occurred while \output is active []



[12 <./figures/fig03_pareto_params.pdf> <./figures/fig03d_proposed_vs_baselines
_radar.pdf>]

<figures/fig04_per_class_f1_heatmap.pdf, id=646, 686.11746pt x 418.74693pt>
File: figures/fig04_per_class_f1_heatmap.pdf Graphic file (type pdf)
<use figures/fig04_per_class_f1_heatmap.pdf>
Package pdftex.def Info: figures/fig04_per_class_f1_heatmap.pdf  used on input 
line 240.
(pdftex.def)             Requested size: 516.0pt x 314.94118pt.
<figures/fig04c_confusion_matrices_proposed.pdf, id=647, 961.23006pt x 414.4940
3pt>
File: figures/fig04c_confusion_matrices_proposed.pdf Graphic file (type pdf)
<use figures/fig04c_confusion_matrices_proposed.pdf>
Package pdftex.def Info: figures/fig04c_confusion_matrices_proposed.pdf  used o
n input line 251.
(pdftex.def)             Requested size: 252.0pt x 108.664pt.
) (./sections/07_ablation.tex

[13]

LaTeX Warning: Text page 14 contains only floats.




Underfull \vbox (badness 8189) has occurred while \output is active []



[14 <./figures/fig04_per_class_f1_heatmap.pdf> <./figures/fig04c_confusion_matr
ices_proposed.pdf>]
LaTeX Font Info:    Font shape `OT1/cmtt/bx/n' in size <10> not available
(Font)              Font shape `OT1/cmtt/m/n' tried instead on input line 77.


<figures/fig05_ablation_bars_with_ceiling.pdf, id=721, 902.31606pt x 483.72722p
t>
File: figures/fig05_ablation_bars_with_ceiling.pdf Graphic file (type pdf)
<use figures/fig05_ablation_bars_with_ceiling.pdf>
Package pdftex.def Info: figures/fig05_ablation_bars_with_ceiling.pdf  used on 
input line 101.
(pdftex.def)             Requested size: 252.0pt x 135.09578pt.


[15]
<figures/fig05b_role_complementarity_matrix.pdf, id=733, 562.66283pt x 519.4420
3pt>
File: figures/fig05b_role_complementarity_matrix.pdf Graphic file (type pdf)
<use figures/fig05b_role_complementarity_matrix.pdf>
Package pdftex.def Info: figures/fig05b_role_complementarity_matrix.pdf  used o
n input line 160.
(pdftex.def)             Requested size: 252.0pt x 232.6371pt.



Package hyperref Warning: Token not allowed in a PDF string (Unicode):
(hyperref)                removing `math shift' on input line 198.


Package hyperref Warning: Token not allowed in a PDF string (Unicode):
(hyperref)                removing `\rightarrow' on input line 198.


Package hyperref Warning: Token not allowed in a PDF string (Unicode):
(hyperref)                removing `math shift' on input line 198.


Underfull \hbox (badness 1400) in paragraph at lines 200--208
\OT1/cmr/m/n/10 Triplet (cross-dimensional spa-tial) with KAN (purely
 []


Underfull \vbox (badness 10000) has occurred while \output is active []



[16 <./figures/fig05_ablation_bars_with_ceiling.pdf> <./figures/fig05b_role_com
plementarity_matrix.pdf>]
Underfull \hbox (badness 2894) in paragraph at lines 229--242
[]\OT1/cmr/bx/n/10 Result. \OT1/cmr/m/n/10 Un-der the iden-ti-cal base-line rec
ipe used
 []


Underfull \hbox (badness 3386) in paragraph at lines 229--242
\OT1/cmr/m/n/10 by ev-ery v1 ab-la-tion cell, the v2 cas-cade reaches
 []

<figures/fig05d_v1_to_v2_progression.pdf, id=792, 786.96947pt x 425.7393pt>
File: figures/fig05d_v1_to_v2_progression.pdf Graphic file (type pdf)
<use figures/fig05d_v1_to_v2_progression.pdf>
Package pdftex.def Info: figures/fig05d_v1_to_v2_progression.pdf  used on input
 line 245.
(pdftex.def)             Requested size: 252.0pt x 136.33029pt.


) (./sections/08_explainability.tex

[17 <./figures/fig05d_v1_to_v2_progression.pdf>]
Underfull \hbox (badness 10000) in paragraph at lines 29--32
[]\OT1/cmr/m/n/10 For the con-vo-lu-tional base-lines (ResNet50,
 []


Underfull \hbox (badness 10000) in paragraph at lines 29--32
\OT1/cmr/m/n/10 DenseNet121, ConvNeXt-Tiny, the Ef-fi-cient-Net
 []


Underfull \hbox (badness 10000) in paragraph at lines 43--57
[]\OT1/cmr/m/n/10 Inspection of the pro-posed model's pan-els ---
 []


Underfull \hbox (badness 10000) in paragraph at lines 43--57
\OT1/cmtt/m/n/10 explain_binary.png \OT1/cmr/m/n/10 and \OT1/cmtt/m/n/10 explai
n_subtype.png \OT1/cmr/m/n/10 of
 []


Underfull \hbox (badness 2393) in paragraph at lines 43--57
\OT1/cmr/m/n/10 the \OT1/cmtt/m/n/10 custom_efficientnet_v2_hub_v2 \OT1/cmr/m/n
/10 run --- re-veals
 []


Underfull \hbox (badness 1496) in paragraph at lines 43--57
\OT1/cmr/m/n/10 rather than over in-ci-den-tal hard-tissue cues. \OT1/cmr/m/it/
10 Sec-ond\OT1/cmr/m/n/10 ,
 []


Underfull \hbox (badness 1394) in paragraph at lines 43--57
\OT1/cmr/m/n/10 bound-ary is not sharply de-fined. \OT1/cmr/m/it/10 Fourth\OT1/
cmr/m/n/10 , focal-bump
 []



<figures/fig06c_proposed_explain_panel_landscape.pdf, id=838, 1409.265pt x 1032
.14355pt>
File: figures/fig06c_proposed_explain_panel_landscape.pdf Graphic file (type pd
f)
<use figures/fig06c_proposed_explain_panel_landscape.pdf>
Package pdftex.def Info: figures/fig06c_proposed_explain_panel_landscape.pdf  u
sed on input line 74.
(pdftex.def)             Requested size: 516.0pt x 377.91833pt.


[18]
Underfull \vbox (badness 5756) has occurred while \output is active []



<figures/fig06_gradcam_cross_model_composite.pdf, id=853, 861.85979pt x 1012.51
714pt>
File: figures/fig06_gradcam_cross_model_composite.pdf Graphic file (type pdf)
<use figures/fig06_gradcam_cross_model_composite.pdf>
Package pdftex.def Info: figures/fig06_gradcam_cross_model_composite.pdf  used 
on input line 151.
(pdftex.def)             Requested size: 516.0pt x 606.2172pt.
) (./sections/09_discussion.tex

[19 <./figures/fig06c_proposed_explain_panel_landscape.pdf>]

LaTeX Warning: Text page 20 contains only floats.




LaTeX Warning: Text page 20 contains only floats.



[20 <./figures/fig06_gradcam_cross_model_composite.pdf>]


Underfull \hbox (badness 1721) in paragraph at lines 60--70
\OT1/cmr/m/n/10 the pro-posed model main-tains binary-task par-ity ---
 []


Underfull \hbox (badness 2809) in paragraph at lines 108--115
[]\OT1/cmr/m/it/10 (a) Single-seed eval-u-a-tion. \OT1/cmr/m/n/10 Each model is
 trained
 []


Underfull \hbox (badness 2799) in paragraph at lines 108--115
\OT1/cmr/m/n/10 gin be-tween AttentionHub-v2 and the best v1 cell
 []



[21]
Underfull \hbox (badness 10000) in paragraph at lines 128--133
[]\OT1/cmr/m/it/10 (d) Training-batch tim-ing is ap-prox-i-mate. \OT1/cmr/m/n/1
0 The
 []


Underfull \hbox (badness 1810) in paragraph at lines 128--133
\OT1/cmr/m/n/10 P50, P95) are mea-sured cor-rectly; only the de-rived
 []




Underfull \hbox (badness 10000) in paragraph at lines 188--194
[]\OT1/cmr/bx/n/10 Third at-ten-tion slot. \OT1/cmr/m/n/10 Ex-tend-ing the role
-
 []


Underfull \hbox (badness 3168) in paragraph at lines 188--194
\OT1/cmr/m/n/10 complementarity prin-ci-ple to a \OT1/cmr/m/it/10 third \OT1/cm
r/m/n/10 at-ten-tion
 []


Underfull \hbox (badness 1571) in paragraph at lines 188--194
\OT1/cmr/m/n/10 slot would re-quire a new ab-la-tion grid test-ing
 []


Underfull \hbox (badness 4543) in paragraph at lines 188--194
\OT1/cmr/m/n/10 a frequency-domain at-ten-tion, a global-context
 []


Underfull \hbox (badness 4859) in paragraph at lines 188--194
\OT1/cmr/m/n/10 mod-ule, or a graph-based rea-son-ing head ---
 []


Underfull \hbox (badness 5388) in paragraph at lines 188--194
\OT1/cmr/m/n/10 com-pounds the gain or whether the cas-cade
 []


Underfull \hbox (badness 2875) in paragraph at lines 188--194
\OT1/cmr/m/n/10 sat-u-rates at two com-ple-men-tary mod-ules. The
 []



[22]) (./sections/10_conclusion.tex) (./sections/11_backmatter.tex
Underfull \hbox (badness 10000) in paragraph at lines 3--20
\OT1/cmtt/m/n/10 custom_efficientnet_colab.py\OT1/cmr/m/n/10 ), the eval-u-a-ti
on
 []


Underfull \hbox (badness 10000) in paragraph at lines 3--20
\OT1/cmr/m/n/10 script (\OT1/cmtt/m/n/10 evaluate_final.py\OT1/cmr/m/n/10 ), th
e ex-plain-abil-ity
 []


Underfull \hbox (badness 10000) in paragraph at lines 3--20
\OT1/cmr/m/n/10 script (\OT1/cmtt/m/n/10 explain_model.py\OT1/cmr/m/n/10 ), the
 computational-
 []


Underfull \hbox (badness 10000) in paragraph at lines 3--20
\OT1/cmr/m/n/10 metrics pipeline (\OT1/cmtt/m/n/10 compute_model_metrics.py\OT1
/cmr/m/n/10 ),
 []


Underfull \hbox (badness 10000) in paragraph at lines 3--20
\OT1/cmr/m/n/10 and the ab-la-tion run-ner (\OT1/cmtt/m/n/10 run_ablation.py\OT
1/cmr/m/n/10 ) ---
 []


Underfull \hbox (badness 10000) in paragraph at lines 3--20
\OT1/cmr/m/n/10 is com-mit-ted along-side this manuscript, to-gether
 []


Underfull \hbox (badness 10000) in paragraph at lines 3--20
\OT1/cmr/m/n/10 with the per-model \OT1/cmtt/m/n/10 classification_metrics.json
\OT1/cmr/m/n/10 ,
 []


Underfull \hbox (badness 10000) in paragraph at lines 3--20
\OT1/cmtt/m/n/10 performance_metrics.json\OT1/cmr/m/n/10 , \OT1/cmtt/m/n/10 tra
ining_time.json\OT1/cmr/m/n/10 ,
 []


Underfull \hbox (badness 10000) in paragraph at lines 3--20
\OT1/cmtt/m/n/10 evaluation_results.txt\OT1/cmr/m/n/10 , \OT1/cmtt/m/n/10 confu
sion_matrices.png\OT1/cmr/m/n/10 ,
 []


Underfull \hbox (badness 10000) in paragraph at lines 3--20
\OT1/cmr/m/n/10 and \OT1/cmtt/m/n/10 explain_binary.png \OT1/cmr/m/n/10 / \OT1/
cmtt/m/n/10 explain_subtype.png
 []


Underfull \hbox (badness 2521) in paragraph at lines 3--20
\OT1/cmr/m/n/10 ar-ti-facts. Dataset 1 and Dataset 2 are pre-existing
 []


Underfull \hbox (badness 10000) in paragraph at lines 3--20
\OT1/cmtt/m/n/10 efficientnet_v2_hub_v2/best_model.pth\OT1/cmr/m/n/10 ) and for

 []



) (build/main.bbl

[23]
Underfull \hbox (badness 2020) in paragraph at lines 102--106
[]\OT1/cmr/m/n/8 A. Abou-Bakr, A. El Bar-bary, and F. E. A. Has-sanein,
 []

)



[24

] (build/main.aux)
 ***********
LaTeX2e <2024-11-01> patch level 2
L3 programming layer <2025-04-29>
 ***********
Package rerunfilecheck Info: File `main.out' has not changed.
(rerunfilecheck)             Checksum: C6AD37A3939E872E14E55DF8E744C354;8935.
 ) 
Here is how much of TeX's memory you used:
 11201 strings out of 471528
 179144 string characters out of 5520055
 605061 words of memory out of 5000000
 37490 multiletter control sequences out of 15000+600000
 650945 words of font info for 126 fonts, out of 8000000 for 9000
 36 hyphenation exceptions out of 8191
 75i,19n,79p,2386b,586s stack positions out of 10000i,1000n,20000p,200000b,200000s
 <c:/Users/Shrizon/.texlive2025/texmf-var/fonts/pk/ljfour/jknappen/ec/tcrm080
0.600pk><c:/texlive/2025/texmf-dist/fonts/type1/public/amsfonts/cm/cmbx10.pfb><
c:/texlive/2025/texmf-dist/fonts/type1/public/amsfonts/cm/cmbx8.pfb><c:/texlive
/2025/texmf-dist/fonts/type1/public/amsfonts/cm/cmbx9.pfb><c:/texlive/2025/texm
f-dist/fonts/type1/public/amsfonts/cm/cmbxti10.pfb><c:/texlive/2025/texmf-dist/
fonts/type1/public/amsfonts/cm/cmcsc10.pfb><c:/texlive/2025/texmf-dist/fonts/ty
pe1/public/amsfonts/cm/cmmi10.pfb><c:/texlive/2025/texmf-dist/fonts/type1/publi
c/amsfonts/cm/cmmi6.pfb><c:/texlive/2025/texmf-dist/fonts/type1/public/amsfonts
/cm/cmmi7.pfb><c:/texlive/2025/texmf-dist/fonts/type1/public/amsfonts/cm/cmmi8.
pfb><c:/texlive/2025/texmf-dist/fonts/type1/public/amsfonts/cm/cmmi9.pfb><c:/te
xlive/2025/texmf-dist/fonts/type1/public/amsfonts/cm/cmr10.pfb><c:/texlive/2025
/texmf-dist/fonts/type1/public/amsfonts/cm/cmr17.pfb><c:/texlive/2025/texmf-dis
t/fonts/type1/public/amsfonts/cm/cmr6.pfb><c:/texlive/2025/texmf-dist/fonts/typ
e1/public/amsfonts/cm/cmr7.pfb><c:/texlive/2025/texmf-dist/fonts/type1/public/a
msfonts/cm/cmr8.pfb><c:/texlive/2025/texmf-dist/fonts/type1/public/amsfonts/cm/
cmr9.pfb><c:/texlive/2025/texmf-dist/fonts/type1/public/amsfonts/cm/cmsy10.pfb>
<c:/texlive/2025/texmf-dist/fonts/type1/public/amsfonts/cm/cmsy7.pfb><c:/texliv
e/2025/texmf-dist/fonts/type1/public/amsfonts/cm/cmsy8.pfb><c:/texlive/2025/tex
mf-dist/fonts/type1/public/amsfonts/cm/cmsy9.pfb><c:/texlive/2025/texmf-dist/fo
nts/type1/public/amsfonts/cm/cmti10.pfb><c:/texlive/2025/texmf-dist/fonts/type1
/public/amsfonts/cm/cmti8.pfb><c:/texlive/2025/texmf-dist/fonts/type1/public/am
sfonts/cm/cmtt10.pfb><c:/texlive/2025/texmf-dist/fonts/type1/public/amsfonts/cm
/cmtt8.pfb><c:/texlive/2025/texmf-dist/fonts/type1/public/amsfonts/symbols/msam
10.pfb><c:/texlive/2025/texmf-dist/fonts/type1/public/amsfonts/symbols/msbm10.p
fb>
Output written on build/main.pdf (24 pages, 22503294 bytes).
PDF statistics:
 1157 PDF objects out of 1200 (max. 8388607)
 849 compressed objects within 9 object streams
 144 named destinations out of 1000 (max. 500000)
 452 words of extra memory for PDF output out of 10000 (max. 10000000)

